
22. Executing CHECK pass (checking for obvious problems).
Checking module blabla...
Warning: Wire blabla.\ready is used but has no driver.
Warning: Wire blabla.\data_out_valid is used but has no driver.
Warning: Wire blabla.\data_out [511] is used but has no driver.
Warning: Wire blabla.\data_out [510] is used but has no driver.
Warning: Wire blabla.\data_out [509] is used but has no driver.
Warning: Wire blabla.\data_out [508] is used but has no driver.
Warning: Wire blabla.\data_out [507] is used but has no driver.
Warning: Wire blabla.\data_out [506] is used but has no driver.
Warning: Wire blabla.\data_out [505] is used but has no driver.
Warning: Wire blabla.\data_out [504] is used but has no driver.
Warning: Wire blabla.\data_out [503] is used but has no driver.
Warning: Wire blabla.\data_out [502] is used but has no driver.
Warning: Wire blabla.\data_out [501] is used but has no driver.
Warning: Wire blabla.\data_out [500] is used but has no driver.
Warning: Wire blabla.\data_out [499] is used but has no driver.
Warning: Wire blabla.\data_out [498] is used but has no driver.
Warning: Wire blabla.\data_out [497] is used but has no driver.
Warning: Wire blabla.\data_out [496] is used but has no driver.
Warning: Wire blabla.\data_out [495] is used but has no driver.
Warning: Wire blabla.\data_out [494] is used but has no driver.
Warning: Wire blabla.\data_out [493] is used but has no driver.
Warning: Wire blabla.\data_out [492] is used but has no driver.
Warning: Wire blabla.\data_out [491] is used but has no driver.
Warning: Wire blabla.\data_out [490] is used but has no driver.
Warning: Wire blabla.\data_out [489] is used but has no driver.
Warning: Wire blabla.\data_out [488] is used but has no driver.
Warning: Wire blabla.\data_out [487] is used but has no driver.
Warning: Wire blabla.\data_out [486] is used but has no driver.
Warning: Wire blabla.\data_out [485] is used but has no driver.
Warning: Wire blabla.\data_out [484] is used but has no driver.
Warning: Wire blabla.\data_out [483] is used but has no driver.
Warning: Wire blabla.\data_out [482] is used but has no driver.
Warning: Wire blabla.\data_out [481] is used but has no driver.
Warning: Wire blabla.\data_out [480] is used but has no driver.
Warning: Wire blabla.\data_out [479] is used but has no driver.
Warning: Wire blabla.\data_out [478] is used but has no driver.
Warning: Wire blabla.\data_out [477] is used but has no driver.
Warning: Wire blabla.\data_out [476] is used but has no driver.
Warning: Wire blabla.\data_out [475] is used but has no driver.
Warning: Wire blabla.\data_out [474] is used but has no driver.
Warning: Wire blabla.\data_out [473] is used but has no driver.
Warning: Wire blabla.\data_out [472] is used but has no driver.
Warning: Wire blabla.\data_out [471] is used but has no driver.
Warning: Wire blabla.\data_out [470] is used but has no driver.
Warning: Wire blabla.\data_out [469] is used but has no driver.
Warning: Wire blabla.\data_out [468] is used but has no driver.
Warning: Wire blabla.\data_out [467] is used but has no driver.
Warning: Wire blabla.\data_out [466] is used but has no driver.
Warning: Wire blabla.\data_out [465] is used but has no driver.
Warning: Wire blabla.\data_out [464] is used but has no driver.
Warning: Wire blabla.\data_out [463] is used but has no driver.
Warning: Wire blabla.\data_out [462] is used but has no driver.
Warning: Wire blabla.\data_out [461] is used but has no driver.
Warning: Wire blabla.\data_out [460] is used but has no driver.
Warning: Wire blabla.\data_out [459] is used but has no driver.
Warning: Wire blabla.\data_out [458] is used but has no driver.
Warning: Wire blabla.\data_out [457] is used but has no driver.
Warning: Wire blabla.\data_out [456] is used but has no driver.
Warning: Wire blabla.\data_out [455] is used but has no driver.
Warning: Wire blabla.\data_out [454] is used but has no driver.
Warning: Wire blabla.\data_out [453] is used but has no driver.
Warning: Wire blabla.\data_out [452] is used but has no driver.
Warning: Wire blabla.\data_out [451] is used but has no driver.
Warning: Wire blabla.\data_out [450] is used but has no driver.
Warning: Wire blabla.\data_out [449] is used but has no driver.
Warning: Wire blabla.\data_out [448] is used but has no driver.
Warning: Wire blabla.\data_out [447] is used but has no driver.
Warning: Wire blabla.\data_out [446] is used but has no driver.
Warning: Wire blabla.\data_out [445] is used but has no driver.
Warning: Wire blabla.\data_out [444] is used but has no driver.
Warning: Wire blabla.\data_out [443] is used but has no driver.
Warning: Wire blabla.\data_out [442] is used but has no driver.
Warning: Wire blabla.\data_out [441] is used but has no driver.
Warning: Wire blabla.\data_out [440] is used but has no driver.
Warning: Wire blabla.\data_out [439] is used but has no driver.
Warning: Wire blabla.\data_out [438] is used but has no driver.
Warning: Wire blabla.\data_out [437] is used but has no driver.
Warning: Wire blabla.\data_out [436] is used but has no driver.
Warning: Wire blabla.\data_out [435] is used but has no driver.
Warning: Wire blabla.\data_out [434] is used but has no driver.
Warning: Wire blabla.\data_out [433] is used but has no driver.
Warning: Wire blabla.\data_out [432] is used but has no driver.
Warning: Wire blabla.\data_out [431] is used but has no driver.
Warning: Wire blabla.\data_out [430] is used but has no driver.
Warning: Wire blabla.\data_out [429] is used but has no driver.
Warning: Wire blabla.\data_out [428] is used but has no driver.
Warning: Wire blabla.\data_out [427] is used but has no driver.
Warning: Wire blabla.\data_out [426] is used but has no driver.
Warning: Wire blabla.\data_out [425] is used but has no driver.
Warning: Wire blabla.\data_out [424] is used but has no driver.
Warning: Wire blabla.\data_out [423] is used but has no driver.
Warning: Wire blabla.\data_out [422] is used but has no driver.
Warning: Wire blabla.\data_out [421] is used but has no driver.
Warning: Wire blabla.\data_out [420] is used but has no driver.
Warning: Wire blabla.\data_out [419] is used but has no driver.
Warning: Wire blabla.\data_out [418] is used but has no driver.
Warning: Wire blabla.\data_out [417] is used but has no driver.
Warning: Wire blabla.\data_out [416] is used but has no driver.
Warning: Wire blabla.\data_out [415] is used but has no driver.
Warning: Wire blabla.\data_out [414] is used but has no driver.
Warning: Wire blabla.\data_out [413] is used but has no driver.
Warning: Wire blabla.\data_out [412] is used but has no driver.
Warning: Wire blabla.\data_out [411] is used but has no driver.
Warning: Wire blabla.\data_out [410] is used but has no driver.
Warning: Wire blabla.\data_out [409] is used but has no driver.
Warning: Wire blabla.\data_out [408] is used but has no driver.
Warning: Wire blabla.\data_out [407] is used but has no driver.
Warning: Wire blabla.\data_out [406] is used but has no driver.
Warning: Wire blabla.\data_out [405] is used but has no driver.
Warning: Wire blabla.\data_out [404] is used but has no driver.
Warning: Wire blabla.\data_out [403] is used but has no driver.
Warning: Wire blabla.\data_out [402] is used but has no driver.
Warning: Wire blabla.\data_out [401] is used but has no driver.
Warning: Wire blabla.\data_out [400] is used but has no driver.
Warning: Wire blabla.\data_out [399] is used but has no driver.
Warning: Wire blabla.\data_out [398] is used but has no driver.
Warning: Wire blabla.\data_out [397] is used but has no driver.
Warning: Wire blabla.\data_out [396] is used but has no driver.
Warning: Wire blabla.\data_out [395] is used but has no driver.
Warning: Wire blabla.\data_out [394] is used but has no driver.
Warning: Wire blabla.\data_out [393] is used but has no driver.
Warning: Wire blabla.\data_out [392] is used but has no driver.
Warning: Wire blabla.\data_out [391] is used but has no driver.
Warning: Wire blabla.\data_out [390] is used but has no driver.
Warning: Wire blabla.\data_out [389] is used but has no driver.
Warning: Wire blabla.\data_out [388] is used but has no driver.
Warning: Wire blabla.\data_out [387] is used but has no driver.
Warning: Wire blabla.\data_out [386] is used but has no driver.
Warning: Wire blabla.\data_out [385] is used but has no driver.
Warning: Wire blabla.\data_out [384] is used but has no driver.
Warning: Wire blabla.\data_out [383] is used but has no driver.
Warning: Wire blabla.\data_out [382] is used but has no driver.
Warning: Wire blabla.\data_out [381] is used but has no driver.
Warning: Wire blabla.\data_out [380] is used but has no driver.
Warning: Wire blabla.\data_out [379] is used but has no driver.
Warning: Wire blabla.\data_out [378] is used but has no driver.
Warning: Wire blabla.\data_out [377] is used but has no driver.
Warning: Wire blabla.\data_out [376] is used but has no driver.
Warning: Wire blabla.\data_out [375] is used but has no driver.
Warning: Wire blabla.\data_out [374] is used but has no driver.
Warning: Wire blabla.\data_out [373] is used but has no driver.
Warning: Wire blabla.\data_out [372] is used but has no driver.
Warning: Wire blabla.\data_out [371] is used but has no driver.
Warning: Wire blabla.\data_out [370] is used but has no driver.
Warning: Wire blabla.\data_out [369] is used but has no driver.
Warning: Wire blabla.\data_out [368] is used but has no driver.
Warning: Wire blabla.\data_out [367] is used but has no driver.
Warning: Wire blabla.\data_out [366] is used but has no driver.
Warning: Wire blabla.\data_out [365] is used but has no driver.
Warning: Wire blabla.\data_out [364] is used but has no driver.
Warning: Wire blabla.\data_out [363] is used but has no driver.
Warning: Wire blabla.\data_out [362] is used but has no driver.
Warning: Wire blabla.\data_out [361] is used but has no driver.
Warning: Wire blabla.\data_out [360] is used but has no driver.
Warning: Wire blabla.\data_out [359] is used but has no driver.
Warning: Wire blabla.\data_out [358] is used but has no driver.
Warning: Wire blabla.\data_out [357] is used but has no driver.
Warning: Wire blabla.\data_out [356] is used but has no driver.
Warning: Wire blabla.\data_out [355] is used but has no driver.
Warning: Wire blabla.\data_out [354] is used but has no driver.
Warning: Wire blabla.\data_out [353] is used but has no driver.
Warning: Wire blabla.\data_out [352] is used but has no driver.
Warning: Wire blabla.\data_out [351] is used but has no driver.
Warning: Wire blabla.\data_out [350] is used but has no driver.
Warning: Wire blabla.\data_out [349] is used but has no driver.
Warning: Wire blabla.\data_out [348] is used but has no driver.
Warning: Wire blabla.\data_out [347] is used but has no driver.
Warning: Wire blabla.\data_out [346] is used but has no driver.
Warning: Wire blabla.\data_out [345] is used but has no driver.
Warning: Wire blabla.\data_out [344] is used but has no driver.
Warning: Wire blabla.\data_out [343] is used but has no driver.
Warning: Wire blabla.\data_out [342] is used but has no driver.
Warning: Wire blabla.\data_out [341] is used but has no driver.
Warning: Wire blabla.\data_out [340] is used but has no driver.
Warning: Wire blabla.\data_out [339] is used but has no driver.
Warning: Wire blabla.\data_out [338] is used but has no driver.
Warning: Wire blabla.\data_out [337] is used but has no driver.
Warning: Wire blabla.\data_out [336] is used but has no driver.
Warning: Wire blabla.\data_out [335] is used but has no driver.
Warning: Wire blabla.\data_out [334] is used but has no driver.
Warning: Wire blabla.\data_out [333] is used but has no driver.
Warning: Wire blabla.\data_out [332] is used but has no driver.
Warning: Wire blabla.\data_out [331] is used but has no driver.
Warning: Wire blabla.\data_out [330] is used but has no driver.
Warning: Wire blabla.\data_out [329] is used but has no driver.
Warning: Wire blabla.\data_out [328] is used but has no driver.
Warning: Wire blabla.\data_out [327] is used but has no driver.
Warning: Wire blabla.\data_out [326] is used but has no driver.
Warning: Wire blabla.\data_out [325] is used but has no driver.
Warning: Wire blabla.\data_out [324] is used but has no driver.
Warning: Wire blabla.\data_out [323] is used but has no driver.
Warning: Wire blabla.\data_out [322] is used but has no driver.
Warning: Wire blabla.\data_out [321] is used but has no driver.
Warning: Wire blabla.\data_out [320] is used but has no driver.
Warning: Wire blabla.\data_out [319] is used but has no driver.
Warning: Wire blabla.\data_out [318] is used but has no driver.
Warning: Wire blabla.\data_out [317] is used but has no driver.
Warning: Wire blabla.\data_out [316] is used but has no driver.
Warning: Wire blabla.\data_out [315] is used but has no driver.
Warning: Wire blabla.\data_out [314] is used but has no driver.
Warning: Wire blabla.\data_out [313] is used but has no driver.
Warning: Wire blabla.\data_out [312] is used but has no driver.
Warning: Wire blabla.\data_out [311] is used but has no driver.
Warning: Wire blabla.\data_out [310] is used but has no driver.
Warning: Wire blabla.\data_out [309] is used but has no driver.
Warning: Wire blabla.\data_out [308] is used but has no driver.
Warning: Wire blabla.\data_out [307] is used but has no driver.
Warning: Wire blabla.\data_out [306] is used but has no driver.
Warning: Wire blabla.\data_out [305] is used but has no driver.
Warning: Wire blabla.\data_out [304] is used but has no driver.
Warning: Wire blabla.\data_out [303] is used but has no driver.
Warning: Wire blabla.\data_out [302] is used but has no driver.
Warning: Wire blabla.\data_out [301] is used but has no driver.
Warning: Wire blabla.\data_out [300] is used but has no driver.
Warning: Wire blabla.\data_out [299] is used but has no driver.
Warning: Wire blabla.\data_out [298] is used but has no driver.
Warning: Wire blabla.\data_out [297] is used but has no driver.
Warning: Wire blabla.\data_out [296] is used but has no driver.
Warning: Wire blabla.\data_out [295] is used but has no driver.
Warning: Wire blabla.\data_out [294] is used but has no driver.
Warning: Wire blabla.\data_out [293] is used but has no driver.
Warning: Wire blabla.\data_out [292] is used but has no driver.
Warning: Wire blabla.\data_out [291] is used but has no driver.
Warning: Wire blabla.\data_out [290] is used but has no driver.
Warning: Wire blabla.\data_out [289] is used but has no driver.
Warning: Wire blabla.\data_out [288] is used but has no driver.
Warning: Wire blabla.\data_out [287] is used but has no driver.
Warning: Wire blabla.\data_out [286] is used but has no driver.
Warning: Wire blabla.\data_out [285] is used but has no driver.
Warning: Wire blabla.\data_out [284] is used but has no driver.
Warning: Wire blabla.\data_out [283] is used but has no driver.
Warning: Wire blabla.\data_out [282] is used but has no driver.
Warning: Wire blabla.\data_out [281] is used but has no driver.
Warning: Wire blabla.\data_out [280] is used but has no driver.
Warning: Wire blabla.\data_out [279] is used but has no driver.
Warning: Wire blabla.\data_out [278] is used but has no driver.
Warning: Wire blabla.\data_out [277] is used but has no driver.
Warning: Wire blabla.\data_out [276] is used but has no driver.
Warning: Wire blabla.\data_out [275] is used but has no driver.
Warning: Wire blabla.\data_out [274] is used but has no driver.
Warning: Wire blabla.\data_out [273] is used but has no driver.
Warning: Wire blabla.\data_out [272] is used but has no driver.
Warning: Wire blabla.\data_out [271] is used but has no driver.
Warning: Wire blabla.\data_out [270] is used but has no driver.
Warning: Wire blabla.\data_out [269] is used but has no driver.
Warning: Wire blabla.\data_out [268] is used but has no driver.
Warning: Wire blabla.\data_out [267] is used but has no driver.
Warning: Wire blabla.\data_out [266] is used but has no driver.
Warning: Wire blabla.\data_out [265] is used but has no driver.
Warning: Wire blabla.\data_out [264] is used but has no driver.
Warning: Wire blabla.\data_out [263] is used but has no driver.
Warning: Wire blabla.\data_out [262] is used but has no driver.
Warning: Wire blabla.\data_out [261] is used but has no driver.
Warning: Wire blabla.\data_out [260] is used but has no driver.
Warning: Wire blabla.\data_out [259] is used but has no driver.
Warning: Wire blabla.\data_out [258] is used but has no driver.
Warning: Wire blabla.\data_out [257] is used but has no driver.
Warning: Wire blabla.\data_out [256] is used but has no driver.
Warning: Wire blabla.\data_out [255] is used but has no driver.
Warning: Wire blabla.\data_out [254] is used but has no driver.
Warning: Wire blabla.\data_out [253] is used but has no driver.
Warning: Wire blabla.\data_out [252] is used but has no driver.
Warning: Wire blabla.\data_out [251] is used but has no driver.
Warning: Wire blabla.\data_out [250] is used but has no driver.
Warning: Wire blabla.\data_out [249] is used but has no driver.
Warning: Wire blabla.\data_out [248] is used but has no driver.
Warning: Wire blabla.\data_out [247] is used but has no driver.
Warning: Wire blabla.\data_out [246] is used but has no driver.
Warning: Wire blabla.\data_out [245] is used but has no driver.
Warning: Wire blabla.\data_out [244] is used but has no driver.
Warning: Wire blabla.\data_out [243] is used but has no driver.
Warning: Wire blabla.\data_out [242] is used but has no driver.
Warning: Wire blabla.\data_out [241] is used but has no driver.
Warning: Wire blabla.\data_out [240] is used but has no driver.
Warning: Wire blabla.\data_out [239] is used but has no driver.
Warning: Wire blabla.\data_out [238] is used but has no driver.
Warning: Wire blabla.\data_out [237] is used but has no driver.
Warning: Wire blabla.\data_out [236] is used but has no driver.
Warning: Wire blabla.\data_out [235] is used but has no driver.
Warning: Wire blabla.\data_out [234] is used but has no driver.
Warning: Wire blabla.\data_out [233] is used but has no driver.
Warning: Wire blabla.\data_out [232] is used but has no driver.
Warning: Wire blabla.\data_out [231] is used but has no driver.
Warning: Wire blabla.\data_out [230] is used but has no driver.
Warning: Wire blabla.\data_out [229] is used but has no driver.
Warning: Wire blabla.\data_out [228] is used but has no driver.
Warning: Wire blabla.\data_out [227] is used but has no driver.
Warning: Wire blabla.\data_out [226] is used but has no driver.
Warning: Wire blabla.\data_out [225] is used but has no driver.
Warning: Wire blabla.\data_out [224] is used but has no driver.
Warning: Wire blabla.\data_out [223] is used but has no driver.
Warning: Wire blabla.\data_out [222] is used but has no driver.
Warning: Wire blabla.\data_out [221] is used but has no driver.
Warning: Wire blabla.\data_out [220] is used but has no driver.
Warning: Wire blabla.\data_out [219] is used but has no driver.
Warning: Wire blabla.\data_out [218] is used but has no driver.
Warning: Wire blabla.\data_out [217] is used but has no driver.
Warning: Wire blabla.\data_out [216] is used but has no driver.
Warning: Wire blabla.\data_out [215] is used but has no driver.
Warning: Wire blabla.\data_out [214] is used but has no driver.
Warning: Wire blabla.\data_out [213] is used but has no driver.
Warning: Wire blabla.\data_out [212] is used but has no driver.
Warning: Wire blabla.\data_out [211] is used but has no driver.
Warning: Wire blabla.\data_out [210] is used but has no driver.
Warning: Wire blabla.\data_out [209] is used but has no driver.
Warning: Wire blabla.\data_out [208] is used but has no driver.
Warning: Wire blabla.\data_out [207] is used but has no driver.
Warning: Wire blabla.\data_out [206] is used but has no driver.
Warning: Wire blabla.\data_out [205] is used but has no driver.
Warning: Wire blabla.\data_out [204] is used but has no driver.
Warning: Wire blabla.\data_out [203] is used but has no driver.
Warning: Wire blabla.\data_out [202] is used but has no driver.
Warning: Wire blabla.\data_out [201] is used but has no driver.
Warning: Wire blabla.\data_out [200] is used but has no driver.
Warning: Wire blabla.\data_out [199] is used but has no driver.
Warning: Wire blabla.\data_out [198] is used but has no driver.
Warning: Wire blabla.\data_out [197] is used but has no driver.
Warning: Wire blabla.\data_out [196] is used but has no driver.
Warning: Wire blabla.\data_out [195] is used but has no driver.
Warning: Wire blabla.\data_out [194] is used but has no driver.
Warning: Wire blabla.\data_out [193] is used but has no driver.
Warning: Wire blabla.\data_out [192] is used but has no driver.
Warning: Wire blabla.\data_out [191] is used but has no driver.
Warning: Wire blabla.\data_out [190] is used but has no driver.
Warning: Wire blabla.\data_out [189] is used but has no driver.
Warning: Wire blabla.\data_out [188] is used but has no driver.
Warning: Wire blabla.\data_out [187] is used but has no driver.
Warning: Wire blabla.\data_out [186] is used but has no driver.
Warning: Wire blabla.\data_out [185] is used but has no driver.
Warning: Wire blabla.\data_out [184] is used but has no driver.
Warning: Wire blabla.\data_out [183] is used but has no driver.
Warning: Wire blabla.\data_out [182] is used but has no driver.
Warning: Wire blabla.\data_out [181] is used but has no driver.
Warning: Wire blabla.\data_out [180] is used but has no driver.
Warning: Wire blabla.\data_out [179] is used but has no driver.
Warning: Wire blabla.\data_out [178] is used but has no driver.
Warning: Wire blabla.\data_out [177] is used but has no driver.
Warning: Wire blabla.\data_out [176] is used but has no driver.
Warning: Wire blabla.\data_out [175] is used but has no driver.
Warning: Wire blabla.\data_out [174] is used but has no driver.
Warning: Wire blabla.\data_out [173] is used but has no driver.
Warning: Wire blabla.\data_out [172] is used but has no driver.
Warning: Wire blabla.\data_out [171] is used but has no driver.
Warning: Wire blabla.\data_out [170] is used but has no driver.
Warning: Wire blabla.\data_out [169] is used but has no driver.
Warning: Wire blabla.\data_out [168] is used but has no driver.
Warning: Wire blabla.\data_out [167] is used but has no driver.
Warning: Wire blabla.\data_out [166] is used but has no driver.
Warning: Wire blabla.\data_out [165] is used but has no driver.
Warning: Wire blabla.\data_out [164] is used but has no driver.
Warning: Wire blabla.\data_out [163] is used but has no driver.
Warning: Wire blabla.\data_out [162] is used but has no driver.
Warning: Wire blabla.\data_out [161] is used but has no driver.
Warning: Wire blabla.\data_out [160] is used but has no driver.
Warning: Wire blabla.\data_out [159] is used but has no driver.
Warning: Wire blabla.\data_out [158] is used but has no driver.
Warning: Wire blabla.\data_out [157] is used but has no driver.
Warning: Wire blabla.\data_out [156] is used but has no driver.
Warning: Wire blabla.\data_out [155] is used but has no driver.
Warning: Wire blabla.\data_out [154] is used but has no driver.
Warning: Wire blabla.\data_out [153] is used but has no driver.
Warning: Wire blabla.\data_out [152] is used but has no driver.
Warning: Wire blabla.\data_out [151] is used but has no driver.
Warning: Wire blabla.\data_out [150] is used but has no driver.
Warning: Wire blabla.\data_out [149] is used but has no driver.
Warning: Wire blabla.\data_out [148] is used but has no driver.
Warning: Wire blabla.\data_out [147] is used but has no driver.
Warning: Wire blabla.\data_out [146] is used but has no driver.
Warning: Wire blabla.\data_out [145] is used but has no driver.
Warning: Wire blabla.\data_out [144] is used but has no driver.
Warning: Wire blabla.\data_out [143] is used but has no driver.
Warning: Wire blabla.\data_out [142] is used but has no driver.
Warning: Wire blabla.\data_out [141] is used but has no driver.
Warning: Wire blabla.\data_out [140] is used but has no driver.
Warning: Wire blabla.\data_out [139] is used but has no driver.
Warning: Wire blabla.\data_out [138] is used but has no driver.
Warning: Wire blabla.\data_out [137] is used but has no driver.
Warning: Wire blabla.\data_out [136] is used but has no driver.
Warning: Wire blabla.\data_out [135] is used but has no driver.
Warning: Wire blabla.\data_out [134] is used but has no driver.
Warning: Wire blabla.\data_out [133] is used but has no driver.
Warning: Wire blabla.\data_out [132] is used but has no driver.
Warning: Wire blabla.\data_out [131] is used but has no driver.
Warning: Wire blabla.\data_out [130] is used but has no driver.
Warning: Wire blabla.\data_out [129] is used but has no driver.
Warning: Wire blabla.\data_out [128] is used but has no driver.
Warning: Wire blabla.\data_out [127] is used but has no driver.
Warning: Wire blabla.\data_out [126] is used but has no driver.
Warning: Wire blabla.\data_out [125] is used but has no driver.
Warning: Wire blabla.\data_out [124] is used but has no driver.
Warning: Wire blabla.\data_out [123] is used but has no driver.
Warning: Wire blabla.\data_out [122] is used but has no driver.
Warning: Wire blabla.\data_out [121] is used but has no driver.
Warning: Wire blabla.\data_out [120] is used but has no driver.
Warning: Wire blabla.\data_out [119] is used but has no driver.
Warning: Wire blabla.\data_out [118] is used but has no driver.
Warning: Wire blabla.\data_out [117] is used but has no driver.
Warning: Wire blabla.\data_out [116] is used but has no driver.
Warning: Wire blabla.\data_out [115] is used but has no driver.
Warning: Wire blabla.\data_out [114] is used but has no driver.
Warning: Wire blabla.\data_out [113] is used but has no driver.
Warning: Wire blabla.\data_out [112] is used but has no driver.
Warning: Wire blabla.\data_out [111] is used but has no driver.
Warning: Wire blabla.\data_out [110] is used but has no driver.
Warning: Wire blabla.\data_out [109] is used but has no driver.
Warning: Wire blabla.\data_out [108] is used but has no driver.
Warning: Wire blabla.\data_out [107] is used but has no driver.
Warning: Wire blabla.\data_out [106] is used but has no driver.
Warning: Wire blabla.\data_out [105] is used but has no driver.
Warning: Wire blabla.\data_out [104] is used but has no driver.
Warning: Wire blabla.\data_out [103] is used but has no driver.
Warning: Wire blabla.\data_out [102] is used but has no driver.
Warning: Wire blabla.\data_out [101] is used but has no driver.
Warning: Wire blabla.\data_out [100] is used but has no driver.
Warning: Wire blabla.\data_out [99] is used but has no driver.
Warning: Wire blabla.\data_out [98] is used but has no driver.
Warning: Wire blabla.\data_out [97] is used but has no driver.
Warning: Wire blabla.\data_out [96] is used but has no driver.
Warning: Wire blabla.\data_out [95] is used but has no driver.
Warning: Wire blabla.\data_out [94] is used but has no driver.
Warning: Wire blabla.\data_out [93] is used but has no driver.
Warning: Wire blabla.\data_out [92] is used but has no driver.
Warning: Wire blabla.\data_out [91] is used but has no driver.
Warning: Wire blabla.\data_out [90] is used but has no driver.
Warning: Wire blabla.\data_out [89] is used but has no driver.
Warning: Wire blabla.\data_out [88] is used but has no driver.
Warning: Wire blabla.\data_out [87] is used but has no driver.
Warning: Wire blabla.\data_out [86] is used but has no driver.
Warning: Wire blabla.\data_out [85] is used but has no driver.
Warning: Wire blabla.\data_out [84] is used but has no driver.
Warning: Wire blabla.\data_out [83] is used but has no driver.
Warning: Wire blabla.\data_out [82] is used but has no driver.
Warning: Wire blabla.\data_out [81] is used but has no driver.
Warning: Wire blabla.\data_out [80] is used but has no driver.
Warning: Wire blabla.\data_out [79] is used but has no driver.
Warning: Wire blabla.\data_out [78] is used but has no driver.
Warning: Wire blabla.\data_out [77] is used but has no driver.
Warning: Wire blabla.\data_out [76] is used but has no driver.
Warning: Wire blabla.\data_out [75] is used but has no driver.
Warning: Wire blabla.\data_out [74] is used but has no driver.
Warning: Wire blabla.\data_out [73] is used but has no driver.
Warning: Wire blabla.\data_out [72] is used but has no driver.
Warning: Wire blabla.\data_out [71] is used but has no driver.
Warning: Wire blabla.\data_out [70] is used but has no driver.
Warning: Wire blabla.\data_out [69] is used but has no driver.
Warning: Wire blabla.\data_out [68] is used but has no driver.
Warning: Wire blabla.\data_out [67] is used but has no driver.
Warning: Wire blabla.\data_out [66] is used but has no driver.
Warning: Wire blabla.\data_out [65] is used but has no driver.
Warning: Wire blabla.\data_out [64] is used but has no driver.
Warning: Wire blabla.\data_out [63] is used but has no driver.
Warning: Wire blabla.\data_out [62] is used but has no driver.
Warning: Wire blabla.\data_out [61] is used but has no driver.
Warning: Wire blabla.\data_out [60] is used but has no driver.
Warning: Wire blabla.\data_out [59] is used but has no driver.
Warning: Wire blabla.\data_out [58] is used but has no driver.
Warning: Wire blabla.\data_out [57] is used but has no driver.
Warning: Wire blabla.\data_out [56] is used but has no driver.
Warning: Wire blabla.\data_out [55] is used but has no driver.
Warning: Wire blabla.\data_out [54] is used but has no driver.
Warning: Wire blabla.\data_out [53] is used but has no driver.
Warning: Wire blabla.\data_out [52] is used but has no driver.
Warning: Wire blabla.\data_out [51] is used but has no driver.
Warning: Wire blabla.\data_out [50] is used but has no driver.
Warning: Wire blabla.\data_out [49] is used but has no driver.
Warning: Wire blabla.\data_out [48] is used but has no driver.
Warning: Wire blabla.\data_out [47] is used but has no driver.
Warning: Wire blabla.\data_out [46] is used but has no driver.
Warning: Wire blabla.\data_out [45] is used but has no driver.
Warning: Wire blabla.\data_out [44] is used but has no driver.
Warning: Wire blabla.\data_out [43] is used but has no driver.
Warning: Wire blabla.\data_out [42] is used but has no driver.
Warning: Wire blabla.\data_out [41] is used but has no driver.
Warning: Wire blabla.\data_out [40] is used but has no driver.
Warning: Wire blabla.\data_out [39] is used but has no driver.
Warning: Wire blabla.\data_out [38] is used but has no driver.
Warning: Wire blabla.\data_out [37] is used but has no driver.
Warning: Wire blabla.\data_out [36] is used but has no driver.
Warning: Wire blabla.\data_out [35] is used but has no driver.
Warning: Wire blabla.\data_out [34] is used but has no driver.
Warning: Wire blabla.\data_out [33] is used but has no driver.
Warning: Wire blabla.\data_out [32] is used but has no driver.
Warning: Wire blabla.\data_out [31] is used but has no driver.
Warning: Wire blabla.\data_out [30] is used but has no driver.
Warning: Wire blabla.\data_out [29] is used but has no driver.
Warning: Wire blabla.\data_out [28] is used but has no driver.
Warning: Wire blabla.\data_out [27] is used but has no driver.
Warning: Wire blabla.\data_out [26] is used but has no driver.
Warning: Wire blabla.\data_out [25] is used but has no driver.
Warning: Wire blabla.\data_out [24] is used but has no driver.
Warning: Wire blabla.\data_out [23] is used but has no driver.
Warning: Wire blabla.\data_out [22] is used but has no driver.
Warning: Wire blabla.\data_out [21] is used but has no driver.
Warning: Wire blabla.\data_out [20] is used but has no driver.
Warning: Wire blabla.\data_out [19] is used but has no driver.
Warning: Wire blabla.\data_out [18] is used but has no driver.
Warning: Wire blabla.\data_out [17] is used but has no driver.
Warning: Wire blabla.\data_out [16] is used but has no driver.
Warning: Wire blabla.\data_out [15] is used but has no driver.
Warning: Wire blabla.\data_out [14] is used but has no driver.
Warning: Wire blabla.\data_out [13] is used but has no driver.
Warning: Wire blabla.\data_out [12] is used but has no driver.
Warning: Wire blabla.\data_out [11] is used but has no driver.
Warning: Wire blabla.\data_out [10] is used but has no driver.
Warning: Wire blabla.\data_out [9] is used but has no driver.
Warning: Wire blabla.\data_out [8] is used but has no driver.
Warning: Wire blabla.\data_out [7] is used but has no driver.
Warning: Wire blabla.\data_out [6] is used but has no driver.
Warning: Wire blabla.\data_out [5] is used but has no driver.
Warning: Wire blabla.\data_out [4] is used but has no driver.
Warning: Wire blabla.\data_out [3] is used but has no driver.
Warning: Wire blabla.\data_out [2] is used but has no driver.
Warning: Wire blabla.\data_out [1] is used but has no driver.
Warning: Wire blabla.\data_out [0] is used but has no driver.
Found and reported 514 problems.
